// Jest Snapshot v1, https://goo.gl/fbAQLP

exports[`CategoriesFilterScreen Component renders correctly 1`] = `
<withOrientation
  style={
    Object {
      "backgroundColor": "#2d2f7f",
      "flex": 1,
    }
  }
>
  <ContentPadding
    style={
      Object {
        "flex": 1,
        "justifyContent": "space-between",
      }
    }
  >
    <View>
      <View
        style={
          Object {
            "flexDirection": "row",
            "justifyContent": "space-between",
            "marginTop": 10,
            "width": "100%",
          }
        }
      >
        <TouchableOpacity
          activeOpacity={0.2}
          onPress={[Function]}
          style={
            Object {
              "width": 60,
            }
          }
        >
          <Text
            markdown={false}
            style={
              Object {
                "color": "#2cda9d",
              }
            }
            type="h4"
          >
            Cancel
          </Text>
        </TouchableOpacity>
        <TouchableOpacity
          activeOpacity={0.2}
          onPress={[Function]}
          style={
            Object {
              "width": 60,
            }
          }
        >
          <Text
            markdown={false}
            style={
              Object {
                "color": "#2cda9d",
              }
            }
            type="h4"
          >
            Clear all
          </Text>
        </TouchableOpacity>
      </View>
      <Text
        markdown={false}
        style={
          Object {
            "color": "#ffffff",
            "marginBottom": 6,
            "marginTop": 14,
          }
        }
        type="h1"
      >
        Show me
      </Text>
      <View
        style={
          Object {
            "backgroundColor": "#20215a",
            "borderRadius": 4,
            "marginBottom": 16,
            "paddingBottom": 9,
            "paddingLeft": 16,
            "paddingRight": 16,
            "paddingTop": 11,
          }
        }
      >
        <Text
          markdown={false}
          style={
            Object {
              "color": "#2cda9d",
            }
          }
          type="h2"
        >
          0 selected
        </Text>
      </View>
    </View>
    <View
      style={
        Object {
          "backgroundColor": "#2cda9d",
          "flex": 1,
        }
      }
    >
      <TouchableOpacity
        activeOpacity={0.2}
        onPress={[Function]}
      >
        <Text
          markdown={false}
          style={Object {}}
          type="h4"
        >
          Music
        </Text>
      </TouchableOpacity>
    </View>
    <View>
      <TouchableOpacity
        activeOpacity={0.2}
        onPress={[Function]}
        style={
          Object {
            "backgroundColor": "#2cda9d",
            "borderRadius": 4,
            "marginBottom": 16,
            "marginTop": 16,
            "paddingBottom": 11,
            "paddingTop": 13,
            "width": "100%",
          }
        }
      >
        <Text
          markdown={false}
          style={
            Object {
              "color": "#2d2f7f",
              "textAlign": "center",
            }
          }
          type="h2"
        >
          Show 1 events
        </Text>
      </TouchableOpacity>
    </View>
  </ContentPadding>
</withOrientation>
`;
