// Jest Snapshot v1, https://goo.gl/fbAQLP

exports[`renders correctly 1`] = `
<ScrollView>
  <ContentPadding
    padding={Object {}}
    style={
      Object {
        "flex": 3,
        "marginBottom": 12,
      }
    }
  >
    <LayoutColumn
      spacing={12}
    >
      <Image
        source={1}
        style={
          Object {
            "alignSelf": "center",
          }
        }
      />
      <Text
        color="lightNavyBlueColor"
        markdown={false}
        markdownStyle={Object {}}
        style={
          Object {
            "textAlign": "center",
          }
        }
        type="h1"
      >
        Where's the love?
      </Text>
      <Text
        accessibilityLabel="No favourites yet? Tap the 'save this event' button on any event you like to save them here."
        color="blackColor"
        markdown={false}
        markdownStyle={Object {}}
        style={
          Object {
            "alignSelf": "center",
            "maxWidth": 300,
            "paddingBottom": 12,
            "textAlign": "center",
          }
        }
        type="text"
      >
        No favourites yet? Tap the
         
        <Image
          source={1}
          style={
            Object {
              "height": 21,
              "width": 24,
            }
          }
        />
         
        on any event you like to save them here.
      </Text>
      <Button
        disabled={false}
        onPress={[Function]}
        testID="no-saved-events-button"
      >
        Find Events
      </Button>
    </LayoutColumn>
  </ContentPadding>
</ScrollView>
`;
