// Jest Snapshot v1, https://goo.gl/fbAQLP

exports[`SponsorScreen Component renders correctly 1`] = `
<Component
  style={
    Object {
      "backgroundColor": "#ffffff",
      "flex": 1,
    }
  }
  testID="sponsor-screen"
>
  <Header
    leftElement={
      <Unknown
        onPress={[Function]}
      />
    }
    title="Partner with us"
  />
  <ShadowedScrollView
    bottomShadow={true}
    shadowOpacity={0.6}
    style={Object {}}
    topShadow={false}
  >
    <ContentPadding
      padding={Object {}}
      style={
        Object {
          "alignSelf": "center",
          "maxWidth": 440,
          "width": "100%",
        }
      }
    >
      <Text
        color="blackColor"
        markdown={false}
        markdownStyle={Object {}}
        style={
          Object {
            "marginTop": 24,
          }
        }
        type="h1"
      >
        Our main 2018 partners
      </Text>
      <Text
        color="blackColor"
        markdown={false}
        markdownStyle={Object {}}
        type="text"
      >
        A huge thank you to our main partners for their continued support.
      </Text>
      <SponsorLogoContainer
        sponsorLevel="Headline"
        style={
          Object {
            "marginTop": 16,
          }
        }
      />
      <SponsorLogoContainer
        sponsorLevel="Gold"
        sponsors={
          Array [
            Object {
              "contentType": "sponsor",
              "fields": Object {
                "sponsorLevel": "Gold",
                "sponsorLogo": Object {
                  "sys": Object {
                    "id": "asset1",
                  },
                },
                "sponsorName": "Sponsor 1",
                "sponsorUrl": "http://example.com",
              },
              "id": "1",
              "locale": "en-GB",
              "revision": 1,
            },
            Object {
              "contentType": "sponsor",
              "fields": Object {
                "sponsorLevel": "Gold",
                "sponsorLogo": Object {
                  "sys": Object {
                    "id": "asset2",
                  },
                },
                "sponsorName": "Sponsor 2",
                "sponsorUrl": "http://example.com",
              },
              "id": "2",
              "locale": "en-GB",
              "revision": 1,
            },
          ]
        }
        style={
          Object {
            "marginTop": 20,
          }
        }
      />
      <SponsorLogoContainer
        sponsorLevel="Silver"
        style={
          Object {
            "marginTop": 20,
          }
        }
      />
      <SponsorLogoContainer
        sponsorLevel="Bronze"
        style={
          Object {
            "marginTop": 20,
          }
        }
      />
      <Text
        color="blackColor"
        markdown={false}
        markdownStyle={Object {}}
        style={
          Object {
            "marginTop": 24,
          }
        }
        type="h1"
      >
        Partner with us
      </Text>
      <Text
        color="blackColor"
        markdown={false}
        markdownStyle={Object {}}
        style={
          Object {
            "paddingBottom": 10,
          }
        }
        type="text"
      >
        Build your brand, engage your internal network and be part of a global movement to support diversity. To find out more, please contact sponsor@prideinlondon.org.
      </Text>
      <Text
        color="blackColor"
        markdown={true}
        markdownStyle={
          Object {
            "text": Object {
              "color": "#2d2f7f",
              "fontSize": 14,
              "lineHeight": 20,
            },
          }
        }
        type="text"
      >
        * Pride in London is one of the top three biggest events in London, attracting an estimated one million visitors across the footprint. 
* Be part of our award winning marketing and advertising campaign. 
* 80% of those surveyed in our 2016 research agreed that they are more likely to think better of a brand if it is supportive of LGBT+ issues.
      </Text>
    </ContentPadding>
  </ShadowedScrollView>
  <Component
    style={
      Object {
        "alignSelf": "center",
        "maxWidth": 440,
        "paddingVertical": 12,
        "width": "100%",
      }
    }
  >
    <ContentPadding
      padding={Object {}}
      style={Object {}}
    >
      <Button
        disabled={false}
        onPress={[Function]}
        testID="emailLauncher"
      >
        Email to partner with us
      </Button>
    </ContentPadding>
  </Component>
</Component>
`;
