// Jest Snapshot v1, https://goo.gl/fbAQLP

exports[`HomeScreen Component renders correctly 1`] = `
<SafeAreaView
  style={
    Object {
      "backgroundColor": "#FFFFFF",
      "flex": 1,
      "flexDirection": "row",
    }
  }
>
  <ScrollView>
    <View
      style={
        Object {
          "alignItems": "center",
          "backgroundColor": "#C1C1C1",
          "height": 200,
          "justifyContent": "center",
        }
      }
    >
      <Text
        markdown={false}
        style={Object {}}
        type="text"
      >
        Header - TBD
      </Text>
    </View>
    <View
      style={
        Object {
          "marginLeft": 12,
          "paddingTop": 18,
        }
      }
    >
      <Text
        markdown={false}
        style={Object {}}
        type="h2"
      >
        Featured Events
      </Text>
    </View>
    <View
      style={
        Object {
          "backgroundColor": "#FFFFFF",
          "flex": 1,
          "flexDirection": "row",
        }
      }
    >
      <View
        style={
          Object {
            "flex": 1,
            "margin": 8,
          }
        }
      />
      <View
        style={
          Object {
            "flex": 1,
            "margin": 8,
          }
        }
      />
    </View>
  </ScrollView>
</SafeAreaView>
`;
