// Jest Snapshot v1, https://goo.gl/fbAQLP

exports[`HomeScreen Component renders correctly 1`] = `
<SafeAreaView
  testID="home-screen"
>
  <ScrollView
    style={
      Object {
        "backgroundColor": "#FFFFFF",
      }
    }
  >
    <View
      style={
        Object {
          "alignItems": "center",
          "backgroundColor": "#C1C1C1",
          "height": 200,
          "justifyContent": "center",
        }
      }
    >
      <Text
        markdown={false}
        style={Object {}}
        type="text"
      >
        Header - TBD
      </Text>
    </View>
    <View
      style={
        Object {
          "flexDirection": "row",
          "justifyContent": "space-between",
          "marginLeft": 18,
          "marginRight": 18,
          "paddingTop": 18,
        }
      }
    >
      <Text
        markdown={false}
        style={Object {}}
        type="h2"
      >
        Featured events
      </Text>
      <Text
        markdown={false}
        style={Object {}}
        type="text"
      >
        View all
      </Text>
    </View>
    <View
      style={
        Object {
          "flex": 1,
          "flexDirection": "row",
          "margin": 6,
        }
      }
    >
      <Column
        column={0}
        events={Array []}
        onPress={[Function]}
      />
      <Column
        column={1}
        events={Array []}
        onPress={[Function]}
      />
    </View>
  </ScrollView>
</SafeAreaView>
`;
