// Jest Snapshot v1, https://goo.gl/fbAQLP

exports[`EventsScreen Component renders correctly 1`] = `
<Component
  style={
    Object {
      "backgroundColor": "#ffffff",
      "flex": 1,
    }
  }
>
  <Connect(FilterHeader)
    onFilterButtonPress={[Function]}
    onFilterCategoriesPress={[Function]}
    selectedCategories={Set {}}
  />
  <EventList
    events={Array []}
    getAssetUrl={[Function]}
    locale="en-GB"
    onPress={[Function]}
    onRefresh={[Function]}
    refreshing={false}
  />
</Component>
`;
