// Jest Snapshot v1, https://goo.gl/fbAQLP

exports[`EventsScreen Component renders correctly 1`] = `
<View
  style={
    Object {
      "backgroundColor": "rgb(255, 255, 255)",
      "flex": 1,
    }
  }
>
  <Connect(FilterHeader)
    onFilterCategoriesPress={[Function]}
  />
  <EventList
    events={Array []}
    getAssetUrl={[Function]}
    locale="en-GB"
    onPress={[Function]}
    onRefresh={[Function]}
    refreshing={false}
  />
</View>
`;
