// Jest Snapshot v1, https://goo.gl/fbAQLP

exports[`FilterHeaderCategories CategoriesFilterButton component renders correctly 1`] = `
<Touchable
  accessibilityComponentType="button"
  accessibilityLabel="Filter by event type"
  accessibilityTraits={
    Array [
      "button",
    ]
  }
  delayPressIn={50}
  onPress={[Function]}
  style={
    Object {
      "alignItems": "center",
      "backgroundColor": "rgb(25, 26, 71)",
      "borderBottomRightRadius": 4,
      "borderTopRightRadius": 4,
      "height": 44,
      "width": 44,
    }
  }
  testID="categories-filter-button"
>
  <Image
    source={1}
  />
</Touchable>
`;

exports[`FilterHeaderCategories Component renders correctly 1`] = `
<Component
  onPress={[Function]}
  style={
    Object {
      "alignItems": "center",
      "flexDirection": "row",
      "justifyContent": "space-between",
    }
  }
>
  <Text
    accessibilityLabel="Showing"
    accessibilityTraits={
      Array [
        "header",
      ]
    }
    accessible={true}
    allowFontScaling={false}
    color="blackColor"
    markdown={false}
    markdownStyle={Object {}}
    style={
      Object {
        "color": "#ffffff",
        "marginRight": 8,
        "paddingTop": 4,
      }
    }
    type="h1"
  >
    Showing
  </Text>
  <Touchable
    accessibilityComponentType="button"
    accessibilityLabel="Filter by event type"
    accessibilityTraits={
      Array [
        "button",
      ]
    }
    delayPressIn={50}
    onPress={[Function]}
    style={
      Object {
        "alignItems": "center",
        "alignSelf": "stretch",
        "backgroundColor": "rgb(32, 33, 90)",
        "borderRadius": 4,
        "flex": 1,
        "flexDirection": "row",
        "justifyContent": "space-between",
        "minWidth": 130,
        "paddingLeft": 8,
      }
    }
    testID="open-category-filters-button"
  >
    <Text
      color="blackColor"
      markdown={false}
      markdownStyle={Object {}}
      style={
        Object {
          "color": "#ffffff",
          "marginTop": 4,
        }
      }
      type="h2"
    >
      All event types
    </Text>
    <CategoriesFilterButton
      onPress={[Function]}
    />
  </Touchable>
</Component>
`;

exports[`FilterHeaderCategories Component renders multiple category pills with selected categories and accessibility label 1`] = `
<Component
  style={
    Object {
      "flexDirection": "row",
    }
  }
>
  <CategoriesPills
    onPress={[Function]}
    selectedCategories={
      Set {
        "Music",
        "Nightlife",
        "Community",
      }
    }
    style={
      Object {
        "borderBottomRightRadius": 0,
        "borderTopRightRadius": 0,
        "minHeight": 44,
      }
    }
  />
  <CategoriesFilterButton
    onPress={[Function]}
  />
</Component>
`;
