// Jest Snapshot v1, https://goo.gl/fbAQLP

exports[`selectEventsMap transforms array of events to map of events 1`] = `
Object {
  "5obj688Cj3vM": Object {
    "contentType": "event",
    "fields": Object {
      "accessibilityDetails": "accessibilityDetails",
      "accessibilityOptions": Array [
        "0hWS71X6v20dL18",
        "02X4sXo8lGzGTL8928CyO",
        "t563ZL67SSGD0K1un2owA0C5",
        "VSH6Qo8k342G5rZP",
      ],
      "addressLine1": "addressLine1",
      "addressLine2": "addressLine2",
      "audience": Array [
        "iTSBsb1G99KHmZFVYS4fQAl1S741",
        "3c9BUjc848u71VcYRCWX0",
        "7N5VV4l02bp2gOaA",
        "p7IW7MI99tBNamFvDd8Y64ezv5",
      ],
      "city": "city",
      "email": "email",
      "endTime": "2018-07-07T03:00+00:00",
      "eventCategories": Array [
        "Cabaret and Variety",
        "Health",
        "Nightlife",
        "Music",
        "Talks and Debates",
      ],
      "eventDescription": "eventDescription",
      "eventPriceHigh": 10,
      "eventPriceLow": 0,
      "eventsListPicture": Object {
        "sys": Object {
          "id": "b8Gmbw5l8QQWmULc94kd5U4",
        },
      },
      "individualEventPicture": Object {
        "sys": Object {
          "id": "0F46iOVTNxqz9NJl25pl3",
        },
      },
      "location": Object {
        "lat": 0,
        "lon": 10,
      },
      "locationName": "locationName",
      "name": "name",
      "performances": Array [
        Object {
          "sys": Object {
            "id": "BAPd",
          },
        },
        Object {
          "sys": Object {
            "id": "qC9h3pCZd6",
          },
        },
      ],
      "phone": "phone",
      "postcode": "postcode",
      "recurrenceDates": Array [
        "04/07/2018",
      ],
      "stage": true,
      "startTime": "2018-07-07T00:00+00:00",
      "ticketingUrl": "ticketingUrl",
      "venueDetails": Array [
        "Fos6Vj70ntMWl",
        "8t85",
      ],
    },
    "id": "5obj688Cj3vM",
    "locale": "en-GB",
    "revision": 1,
  },
  "G36Nw4N4Qb1HE305M0V": Object {
    "contentType": "event",
    "fields": Object {
      "accessibilityDetails": "accessibilityDetails",
      "accessibilityOptions": Array [
        "xipaGqs0am",
        "b4515eG8Auw",
        "LHLlMyK1nhZW762jVQAK1n704rrk3",
        "eC36IkPHrjr7o5l4XuI6QBCe",
      ],
      "addressLine1": "addressLine1",
      "addressLine2": "addressLine2",
      "audience": Array [
        "5id",
        "OnT4h29Nlhm2ECm2l",
        "YvTD0M251aE83S",
        "nR658",
        "JUc66PnZ6p967v7Xc",
      ],
      "city": "city",
      "email": "email",
      "endTime": "2018-07-07T03:00+00:00",
      "eventCategories": Array [
        "Community",
      ],
      "eventDescription": "eventDescription",
      "eventPriceHigh": 10,
      "eventPriceLow": 0,
      "eventsListPicture": Object {
        "sys": Object {
          "id": "z2tvI2H52F4XG",
        },
      },
      "individualEventPicture": Object {
        "sys": Object {
          "id": "Buka8JAKLif9k6d",
        },
      },
      "location": Object {
        "lat": 0,
        "lon": 10,
      },
      "locationName": "locationName",
      "name": "name",
      "performances": Array [
        Object {
          "sys": Object {
            "id": "0qHqaN4rV6suzpo4F3aF5v4vb5G",
          },
        },
        Object {
          "sys": Object {
            "id": "0lVlx1I6219T2410KM4v4E1",
          },
        },
        Object {
          "sys": Object {
            "id": "92P16UVWt7hWEDGm97XT7Fb4I",
          },
        },
      ],
      "phone": "phone",
      "postcode": "postcode",
      "recurrenceDates": Array [
        "18/08/2018",
        "18/08/2018",
      ],
      "stage": true,
      "startTime": "2018-07-07T00:00+00:00",
      "ticketingUrl": "ticketingUrl",
      "venueDetails": Array [
        "mn204uE5Cedi2",
        "7rIC1",
        "869bRJ27f7",
      ],
    },
    "id": "G36Nw4N4Qb1HE305M0V",
    "locale": "en-GB",
    "revision": 1,
  },
  "hG": Object {
    "contentType": "event",
    "fields": Object {
      "accessibilityDetails": "accessibilityDetails",
      "accessibilityOptions": Array [
        "v4817p72g9B28",
        "H2Cbs5bqh",
        "Wagc8Wv8jK6K6D77490GB",
        "YIn7xDxQbT",
      ],
      "addressLine1": "addressLine1",
      "addressLine2": "addressLine2",
      "audience": Array [
        "1fx905L",
        "9OgXUt",
        "46giMKK1fEEP9IsCd57b46Lez9W75b",
        "hE6X046ClAwqcJIqU4Jx14eaBPNpeh",
      ],
      "city": "city",
      "email": "email",
      "endTime": "2018-07-07T03:00+00:00",
      "eventCategories": Array [
        "Social and Networking",
        "Talks and Debates",
      ],
      "eventDescription": "eventDescription",
      "eventPriceHigh": 10,
      "eventPriceLow": 0,
      "eventsListPicture": Object {
        "sys": Object {
          "id": "8iB636ntgq3B632hFy6uHIt7kC",
        },
      },
      "individualEventPicture": Object {
        "sys": Object {
          "id": "e6VCvM1t1S91yP87Jb4Xy6ZCK",
        },
      },
      "location": Object {
        "lat": 0,
        "lon": 10,
      },
      "locationName": "locationName",
      "name": "name",
      "performances": Array [
        Object {
          "sys": Object {
            "id": "B701ApOpyJl",
          },
        },
      ],
      "phone": "phone",
      "postcode": "postcode",
      "recurrenceDates": Array [
        "12/07/2018",
        "12/07/2018",
        "13/08/2018",
        "07/07/2018",
      ],
      "stage": true,
      "startTime": "2018-07-07T00:00+00:00",
      "ticketingUrl": "ticketingUrl",
      "venueDetails": Array [
        "C68l",
        "M6cCc5X3p60J55sCfBCs7jD8l",
        "4Ll0RYyIa2y8dZ3FCBY6ES82lvQ4P",
      ],
    },
    "id": "hG",
    "locale": "en-GB",
    "revision": 1,
  },
}
`;
