// Jest Snapshot v1, https://goo.gl/fbAQLP

exports[`renders correctly 1`] = `
<Touchable
  accessibilityComponentType="button"
  accessibilityTraits={
    Array [
      "button",
    ]
  }
  delayPressIn={50}
  onPress={[Function]}
  style={
    Array [
      Object {
        "alignItems": "center",
        "backgroundColor": "#D8D8D8",
        "borderRadius": 4,
        "justifyContent": "center",
      },
      Object {
        "backgroundColor": "rgb(44, 218, 157)",
      },
    ]
  }
>
  <Text
    markdown={false}
    style={
      Array [
        Object {
          "color": "rgb(255, 255, 255)",
        },
        Object {
          "color": "rgb(45, 47, 127)",
        },
      ]
    }
    type="h2"
  >
    a button
  </Text>
</Touchable>
`;
