// Jest Snapshot v1, https://goo.gl/fbAQLP

exports[`renders correctly 1`] = `
<Touchable
  accessibilityComponentType="button"
  accessibilityTraits={
    Array [
      "button",
    ]
  }
  delayPressIn={50}
  onPress={[Function]}
  style={
    Array [
      Object {
        "alignItems": "center",
        "backgroundColor": "#d8d8d8",
        "borderRadius": 4,
        "justifyContent": "center",
      },
      Object {
        "backgroundColor": "#2cda9d",
      },
    ]
  }
>
  <Text
    allowFontScaling={true}
    markdown={false}
    style={
      Array [
        Object {
          "color": "#ffffff",
        },
        Object {
          "color": "#2d2f7f",
        },
      ]
    }
    type="h2"
  >
    a button
  </Text>
</Touchable>
`;
