// Jest Snapshot v1, https://goo.gl/fbAQLP

exports[`renders correctly 1`] = `
<Touchable
  accessibilityComponentType="button"
  accessibilityTraits={
    Array [
      "button",
    ]
  }
  delayPressIn={50}
  onPress={[Function]}
  style={
    Object {
      "alignItems": "center",
      "backgroundColor": "#D8D8D8",
      "borderRadius": 4,
      "justifyContent": "center",
    }
  }
>
  <Text
    allowFontScaling={true}
    markdown={false}
    style={
      Object {
        "color": "#ffffff",
      }
    }
    type="text"
  >
    a button
  </Text>
</Touchable>
`;
