// Jest Snapshot v1, https://goo.gl/fbAQLP

exports[`renders correctly 1`] = `
<Component>
  <Component>
    <AnimatedComponent
      onLayout={[Function]}
      style={
        Object {
          "height": 0,
        }
      }
    >
      <Text
        accessible={true}
        allowFontScaling={true}
        ellipsizeMode="tail"
      >
        Hello
      </Text>
    </AnimatedComponent>
  </Component>
</Component>
`;
