// Jest Snapshot v1, https://goo.gl/fbAQLP

exports[`ConnectedFilterHeader renders component 1`] = `
<withOrientation
  forceInset={
    Object {
      "top": "always",
    }
  }
  style={
    Object {
      "backgroundColor": "rgb(45, 47, 127)",
    }
  }
>
  <StatusBar
    animated={true}
    backgroundColor="#2d2f7f"
    barStyle="light-content"
    showHideTransition="fade"
  />
  <ContentPadding
    padding={Object {}}
    style={Object {}}
  >
    <View
      style={
        Object {
          "paddingBottom": 12,
          "paddingTop": 16,
        }
      }
      testID="filter-header"
    >
      <FilterHeaderCategories />
    </View>
  </ContentPadding>
  <ContentPadding
    padding={Object {}}
    style={
      Object {
        "backgroundColor": "#20215a",
        "flexDirection": "row",
        "height": 48,
        "justifyContent": "space-between",
      }
    }
  >
    <FilterHeaderButton
      onPress={[Function]}
      style={
        Object {
          "flex": 1,
        }
      }
      text="Select dates"
    />
    <View
      style={
        Object {
          "borderColor": "#2cda9d",
          "borderLeftWidth": 0.5,
        }
      }
    />
    <FilterHeaderButton
      style={
        Object {
          "flex": 1,
        }
      }
      text="Add filters"
    />
  </ContentPadding>
  <Connect(DateRangePickerDialog)
    onApply={[Function]}
    onCancel={[Function]}
    visible={false}
  />
</withOrientation>
`;

exports[`ConnectedFilterHeader renders connector 1`] = `
<FilterHeader
  dateFilter={null}
  store={
    Object {
      "clearActions": [Function],
      "dispatch": [Function],
      "getActions": [Function],
      "getState": [Function],
      "replaceReducer": [Function],
      "subscribe": [Function],
    }
  }
  storeSubscription={
    Subscription {
      "listeners": Object {
        "clear": [Function],
        "get": [Function],
        "notify": [Function],
        "subscribe": [Function],
      },
      "onStateChange": [Function],
      "parentSub": undefined,
      "store": Object {
        "clearActions": [Function],
        "dispatch": [Function],
        "getActions": [Function],
        "getState": [Function],
        "replaceReducer": [Function],
        "subscribe": [Function],
      },
      "unsubscribe": [Function],
    }
  }
/>
`;
