// Jest Snapshot v1, https://goo.gl/fbAQLP

exports[`renders correctly 1`] = `
<Dialog
  applyButtonText="Show XX events"
  headerRight={
    <TouchableOpacity
      activeOpacity={0.2}
      onPress={[Function]}
    >
      <Text
        markdown={false}
        style={Object {}}
        type="text"
      >
        Clear
      </Text>
    </TouchableOpacity>
  }
  onApply={[Function]}
  onCancel={[Function]}
  title="Select dates"
  visible={true}
>
  <DatesPicker
    dateRange={null}
    onChange={[Function]}
  />
</Dialog>
`;
