// Jest Snapshot v1, https://goo.gl/fbAQLP

exports[`renders correctly 1`] = `
<View
  style={
    Object {
      "flex": 1,
      "flexDirection": "column",
      "height": 200,
      "overflow": "hidden",
      "width": 167,
    }
  }
>
  <ImageBackground
    resizeMode="cover"
    source={
      Object {
        "uri": "http://placekitten.com/200/400",
      }
    }
    style={
      Object {
        "backgroundColor": "#C1C1C1",
        "height": 120,
        "width": 167,
      }
    }
  >
    <View
      style={
        Object {
          "bottom": 0,
          "flexWrap": "wrap",
          "position": "absolute",
          "right": 0,
        }
      }
    >
      <CategoryPill
        key="music"
        name="music"
        numberOfLines={2}
        style={Object {}}
      />
    </View>
  </ImageBackground>
  <View
    style={
      Object {
        "minHeight": 60,
        "paddingHorizontal": 8,
        "paddingTop": 8,
      }
    }
  >
    <Text
      markdown={false}
      style={
        Object {
          "color": "rgb(45, 47, 127)",
        }
      }
      type="small"
    >
      Fri, 17 March
    </Text>
    <Text
      ellipsizeMode="tail"
      markdown={false}
      numberOfLines={2}
      style={
        Object {
          "color": "rgb(45, 47, 127)",
        }
      }
      type="h3"
    >
      Hello Pride
    </Text>
  </View>
</View>
`;
