// Jest Snapshot v1, https://goo.gl/fbAQLP

exports[`renders correctly 1`] = `
<AnimatedComponent
  ItemSeparatorComponent={[Function]}
  SectionSeparatorComponent={[Function]}
  contentContainerStyle={
    Array [
      Object {
        "backgroundColor": "rgb(226, 226, 226)",
        "paddingTop": 0,
      },
      undefined,
    ]
  }
  keyExtractor={[Function]}
  onRefresh={[Function]}
  refreshing={false}
  renderItem={[Function]}
  renderSectionHeader={[Function]}
  sections={
    Array [
      Object {
        "data": Array [
          Object {
            "fields": Object {
              "name": Object {
                "en-GB": "some event",
              },
              "startTime": Object {
                "en-GB": "2018-07-10T00:00",
              },
            },
            "sys": Object {
              "contentType": Object {
                "sys": Object {
                  "id": "",
                },
              },
              "id": "1",
              "revision": 1,
              "type": "",
            },
          },
          Object {
            "fields": Object {
              "name": Object {
                "en-GB": "some other",
              },
              "startTime": Object {
                "en-GB": "2018-07-10T00:00",
              },
            },
            "sys": Object {
              "contentType": Object {
                "sys": Object {
                  "id": "",
                },
              },
              "id": "2",
              "revision": 1,
              "type": "",
            },
          },
        ],
        "title": "Tuesday 10 July",
      },
      Object {
        "data": Array [
          Object {
            "fields": Object {
              "name": Object {
                "en-GB": "some other",
              },
              "startTime": Object {
                "en-GB": "2018-07-11T00:00",
              },
            },
            "sys": Object {
              "contentType": Object {
                "sys": Object {
                  "id": "",
                },
              },
              "id": "2",
              "revision": 1,
              "type": "",
            },
          },
        ],
        "title": "Wednesday 11 July",
      },
    ]
  }
  stickySectionHeadersEnabled={true}
/>
`;
