// Jest Snapshot v1, https://goo.gl/fbAQLP

exports[`renders correctly 1`] = `
<Dialog
  applyButtonDisabled={false}
  applyButtonLabel="Apply"
  applyButtonText="Apply"
  onApply={[Function]}
  onCancel={[Function]}
  title="Select your favorites"
  visible={true}
>
  <CheckBox
    checked={false}
    key="Apples"
    label="Apples"
    onChange={[Function]}
    style={
      Object {
        "height": 48,
        "paddingHorizontal": 16,
      }
    }
  />
  <CheckBox
    checked={true}
    key="Bananas"
    label="Bananas"
    onChange={[Function]}
    style={
      Object {
        "height": 48,
        "paddingHorizontal": 16,
      }
    }
  />
  <CheckBox
    checked={false}
    key="Oranges"
    label="Oranges"
    onChange={[Function]}
    style={
      Object {
        "height": 48,
        "paddingHorizontal": 16,
      }
    }
  />
</Dialog>
`;
