// Jest Snapshot v1, https://goo.gl/fbAQLP

exports[`renders correctly 1`] = `
<Component
  style={
    Object {
      "alignItems": "center",
      "backgroundColor": "#2cda9d",
      "borderRadius": 10,
      "height": 20,
      "justifyContent": "center",
      "width": 20,
    }
  }
>
  <Text
    accessible={true}
    allowFontScaling={true}
    ellipsizeMode="tail"
    style={
      Object {
        "color": "#2d2f7f",
        "fontWeight": "bold",
      }
    }
    type="xSmall"
  >
    1
  </Text>
</Component>
`;
