// Jest Snapshot v1, https://goo.gl/fbAQLP

exports[`renders correctly 1`] = `
<Component
  style={
    Object {
      "alignItems": "center",
      "backgroundColor": "#2d2f7f",
      "height": 48,
      "justifyContent": "center",
    }
  }
>
  <Text
    color="whiteColor"
    markdown={false}
    markdownStyle={Object {}}
    type="h2"
  >
    Parade Day - 7th July
  </Text>
</Component>
`;
