// Jest Snapshot v1, https://goo.gl/fbAQLP

exports[`renders correctly 1`] = `
<Component
  style={
    Object {
      "flex": 1,
    }
  }
>
  <Component
    style={
      Object {
        "alignItems": "flex-start",
        "borderBottomWidth": 1,
        "borderColor": "#d8d8d8",
        "flexDirection": "row",
        "padding": 12,
      }
    }
  >
    <Text
      color="blackColor"
      markdown={false}
      style={
        Object {
          "fontWeight": "bold",
          "width": 90,
        }
      }
      type="text"
    >
      Invalid Date
    </Text>
    <Text
      color="blackColor"
      markdown={false}
      style={Object {}}
      type="text"
    >
      DJ Bag-o-Donuts
    </Text>
  </Component>
</Component>
`;
