// Jest Snapshot v1, https://goo.gl/fbAQLP

exports[`renders correctly 1`] = `
<Header
  backgroundColor="#2d2f7f"
>
  <ContentPadding
    padding={Object {}}
    style={
      Object {
        "alignItems": "center",
        "flexDirection": "row",
        "height": 48,
        "justifyContent": "center",
      }
    }
  >
    <Text
      color="blackColor"
      markdown={false}
      markdownStyle={Object {}}
      style={
        Object {
          "color": "#ffffff",
        }
      }
      type="h2"
    >
      funky town
    </Text>
  </ContentPadding>
</Header>
`;
