// Jest Snapshot v1, https://goo.gl/fbAQLP

exports[`renders correctly 1`] = `
<Dialog
  applyButtonText="Show XX events"
  onApply={[Function]}
  onCancel={[Function]}
  title="Select time"
  visible={true}
>
  <CheckBox
    checked={true}
    label="Morning"
    onChange={[Function]}
  />
  <CheckBox
    checked={true}
    label="Afternoon"
    onChange={[Function]}
  />
  <CheckBox
    checked={true}
    label="Evening"
    onChange={[Function]}
  />
</Dialog>
`;
