// Jest Snapshot v1, https://goo.gl/fbAQLP

exports[`renders correctly 1`] = `
<Component
  animationType="fade"
  hardwareAccelerated={false}
  onRequestClose={[Function]}
  transparent={true}
  visible={true}
>
  <View
    style={
      Object {
        "backgroundColor": "rgba(0, 0, 0, 0.7)",
        "height": 1334,
        "justifyContent": "center",
        "padding": 16,
      }
    }
  >
    <View
      style={
        Object {
          "backgroundColor": "#FFFFFF",
          "borderRadius": 4,
          "paddingBottom": 8,
        }
      }
    >
      <View
        style={
          Object {
            "alignItems": "center",
            "borderBottomColor": "#F2F2F2",
            "borderBottomWidth": 1,
            "flexDirection": "row",
            "height": 40,
            "justifyContent": "center",
            "paddingHorizontal": 16,
          }
        }
      >
        <Text
          markdown={false}
          style={
            Object {
              "color": "#272727",
            }
          }
          type="h3"
        >
          Select time
        </Text>
      </View>
      <CheckBox
        checked={true}
        label="Morning"
        onChange={[Function]}
      />
      <CheckBox
        checked={true}
        label="Afternoon"
        onChange={[Function]}
      />
      <CheckBox
        checked={true}
        label="Evening"
        onChange={[Function]}
      />
    </View>
    <TouchableOpacity
      activeOpacity={0.2}
      onPress={[Function]}
      style={
        Object {
          "alignItems": "center",
          "backgroundColor": "rgb(51, 51, 51)",
          "borderRadius": 4,
          "height": 48,
          "justifyContent": "center",
          "marginTop": 8,
        }
      }
    >
      <Text
        markdown={false}
        style={
          Object {
            "color": "#FFFFFF",
          }
        }
        type="text"
      >
        Show XX events
      </Text>
    </TouchableOpacity>
  </View>
</Component>
`;
