// Jest Snapshot v1, https://goo.gl/fbAQLP

exports[`renders correctly 1`] = `
<DummyTouchableNativeFeedback
  accessibilityComponentType="button"
  accessibilityTraits={
    Array [
      "button",
    ]
  }
  background={Object {}}
>
  <View
    style={
      Array [
        Object {
          "justifyContent": "center",
          "minHeight": 44,
          "minWidth": 44,
        },
        Object {
          "borderRadius": 2,
        },
      ]
    }
  >
    Hello
  </View>
</DummyTouchableNativeFeedback>
`;
