// Jest Snapshot v1, https://goo.gl/fbAQLP

exports[`renders correctly 1`] = `
<ImageBackground
  resizeMode="cover"
  source={0}
  style={
    Object {
      "alignItems": "flex-start",
      "aspectRatio": 2,
      "justifyContent": "flex-end",
    }
  }
>
  <Text
    markdown={false}
    style={
      Object {
        "backgroundColor": "#ffffff",
        "color": "#2d2f7f",
        "lineHeight": 40,
        "margin": 16,
        "paddingHorizontal": 8,
      }
    }
    type="h1"
  >
    Fruit
  </Text>
</ImageBackground>
`;
