// Jest Snapshot v1, https://goo.gl/fbAQLP

exports[`renders correctly 1`] = `
<TextInput
  allowFontScaling={true}
  keyboardType="numeric"
  onBlur={[Function]}
  onChangeText={[Function]}
  onFocus={[Function]}
  placeholder={null}
  placeholderTextColor="#cecece"
  style={
    Array [
      Object {
        "borderColor": "#cecece",
        "borderRadius": 4,
        "borderWidth": 1,
        "color": "#2d2f7f",
        "fontFamily": "Poppins-SemiBold",
        "fontSize": 11,
        "height": 61.111111111111114,
        "paddingHorizontal": 14,
      },
      false,
    ]
  }
  underlineColorAndroid="transparent"
  value="13.37"
/>
`;
