// Jest Snapshot v1, https://goo.gl/fbAQLP

exports[`renders correctly 1`] = `
<Component
  style={
    Object {
      "backgroundColor": "#ffffff",
      "flex": 1,
    }
  }
  testID="parade-groups-screen"
>
  <ParadeGroupList
    paradeGroups={
      Array [
        Array [
          Object {
            "contentType": "paradeGroup",
            "fields": Object {
              "facebookUrl": "https://red-badger.com/1r59u1Oj4T7D55BUw",
              "name": "1x2yj",
              "section": "Section F",
              "twitterUrl": "https://red-badger.com/9bP1RB90H",
              "websiteUrl": "https://red-badger.com/eip8IG6Kik565CkXG",
            },
            "id": "d18Cp545J4C996o5",
            "locale": "en-GB",
            "revision": 1,
          },
          Object {
            "contentType": "paradeGroup",
            "fields": Object {
              "facebookUrl": null,
              "name": "99b3j372i",
              "section": "Section F",
              "twitterUrl": "https://red-badger.com/3K6989xRF5UXeYRQ43y4",
              "websiteUrl": "https://red-badger.com/U8vZ3SjWR8f763prj6la40kMR",
            },
            "id": "642gdEs5xmkdO5v541Oau11NM7T",
            "locale": "en-GB",
            "revision": 1,
          },
          Object {
            "contentType": "paradeGroup",
            "fields": Object {
              "facebookUrl": null,
              "name": "w6PEBGjV01WHhj9",
              "section": "Section A",
              "twitterUrl": null,
              "websiteUrl": null,
            },
            "id": "LCUP4D33RDtZPmk2q9b6yvSStOJkzA",
            "locale": "en-GB",
            "revision": 1,
          },
        ],
      ]
    }
  />
</Component>
`;
