// Jest Snapshot v1, https://goo.gl/fbAQLP

exports[`renders correctly 1`] = `
<View>
  <Text
    allowFontScaling={true}
    color="lightNavyBlueColor"
    markdown={false}
    onLayout={[Function]}
    style={
      Object {
        "marginBottom": 4,
        "marginTop": 8,
      }
    }
    type="h2"
  >
    Contact
  </Text>
  <View
    style={
      Object {
        "marginBottom": 8,
      }
    }
  >
    <IconItem
      icon={
        <Image
          source={1}
          style={
            Object {
              "marginTop": 7,
            }
          }
        />
      }
      style={Object {}}
    >
      <TextLink
        onPress={[Function]}
        style={Object {}}
        type="h4"
      >
        milo@red-badger.com
      </TextLink>
    </IconItem>
  </View>
  <View
    style={
      Object {
        "marginBottom": 8,
      }
    }
  >
    <IconItem
      icon={
        <Image
          source={1}
          style={
            Object {
              "marginLeft": 2,
              "marginTop": 6,
            }
          }
        />
      }
      style={Object {}}
    >
      <TextLink
        onPress={[Function]}
        style={Object {}}
        type="h4"
      >
        1-800-555-WOOF
      </TextLink>
    </IconItem>
  </View>
</View>
`;
