// Jest Snapshot v1, https://goo.gl/fbAQLP

exports[`renders correctly 1`] = `
<View
  style={
    Object {
      "paddingVertical": 8,
    }
  }
>
  <Text
    allowFontScaling={true}
    blue={false}
    markdown={false}
    onLayout={[Function]}
    style={
      Object {
        "color": "#2d2f7f",
        "marginBottom": 8,
      }
    }
    type="h2"
  >
    About
  </Text>
  <View>
    <AnimatedComponent
      scrollEnabled={false}
      style={
        Array [
          Object {
            "height": 100,
          },
          Object {},
        ]
      }
    >
      <Text
        allowFontScaling={true}
        blue={false}
        markdown={true}
        onLayout={[Function]}
        style={
          Array [
            Object {},
          ]
        }
        type="text"
      >
        Lenard Pink’s singles walking tour in partnership with Pink Lobster Matchmaking, The Wild & Wonderful Women of Westminster will dissect, poke and prod those women who have battled, campaigned, fought and slept their way into the history books.

Pink for Pink tours will be putting the movers, shakers and shimmiers under a large microscopic lens, examining the likes of Emmeline Pankhurst, the lady who challenged the British Establishment and got the vote for women, to Nell Gwynn who became one of the most famous mistresses of Charles II and probably one of Britain’s biggest whores.
      </Text>
    </AnimatedComponent>
    <AnimatedComponent
      style={
        Array [
          Object {
            "bottom": 0,
            "height": 60,
            "position": "absolute",
            "width": "100%",
          },
          Object {
            "opacity": 1,
          },
        ]
      }
    >
      <LinearGradient
        colors={
          Array [
            "rgba(255, 255, 255, 0)",
            "#ffffff",
          ]
        }
        style={
          Object {
            "bottom": 0,
            "height": 60,
            "position": "absolute",
            "width": "100%",
          }
        }
      />
    </AnimatedComponent>
  </View>
  <Touchable
    accessibilityComponentType="button"
    accessibilityTraits={
      Array [
        "button",
      ]
    }
    delayPressIn={50}
    onPress={[Function]}
    style={
      Object {
        "alignSelf": "flex-end",
      }
    }
  >
    <View
      style={
        Object {
          "alignSelf": "flex-start",
          "borderBottomColor": "#2cda9d",
          "borderBottomWidth": 1,
          "marginBottom": 2,
        }
      }
    >
      <Text
        allowFontScaling={true}
        blue={false}
        markdown={false}
        onLayout={[Function]}
        style={
          Object {
            "color": "#2d2f7f",
          }
        }
        type="h4"
      >
        Read more
      </Text>
    </View>
  </Touchable>
  <View
    style={
      Object {
        "marginTop": 8,
      }
    }
  >
    <EventMap
      lat={51.4875152}
      locationName="Vauxhall Pleasure Gardens"
      lon={-0.12092150000000856}
    />
  </View>
</View>
`;
