// Jest Snapshot v1, https://goo.gl/fbAQLP

exports[`renders correctly 1`] = `
<IconList>
  <IconItem
    source={1}
  >
    <Text
      color="lightNavyBlueColor"
      markdown={false}
      type="h4"
    >
      Sun, 09 Jul 2017 - Sun, 15 Jul 2018
    </Text>
    <Text
      color="blackColor"
      markdown={false}
      type="small"
    >
      11:00AM - 6:00PM
    </Text>
  </IconItem>
  <IconItem
    onPress={[Function]}
    source={1}
  >
    <TextLink>
      Vauxhall Pleasure Gardens
    </TextLink>
    <Text
      color="blackColor"
      markdown={false}
      type="small"
    >
      Vauxhall Pleasure Gardens
    </Text>
    <Text
      color="blackColor"
      markdown={false}
      type="small"
    >
      Vauxhall Pleasure Gardens
    </Text>
    <Text
      color="blackColor"
      markdown={false}
      type="small"
    >
      London
    </Text>
    <Text
      color="blackColor"
      markdown={false}
      type="small"
    >
      EC1M 3HA
    </Text>
  </IconItem>
  <IconItem
    source={1}
  >
    <Text
      color="lightNavyBlueColor"
      markdown={false}
      type="h4"
    >
      £19.95 - £30
    </Text>
  </IconItem>
  <IconItem
    source={1}
  >
    <Text
      color="lightNavyBlueColor"
      markdown={false}
      type="h4"
    >
      Gender neutral toilets
    </Text>
  </IconItem>
  <IconItem
    source={1}
  >
    <Text
      color="lightNavyBlueColor"
      markdown={false}
      type="h4"
    >
      Accessibility
    </Text>
    <Text
      color="blackColor"
      markdown={false}
      type="small"
    >
      Accessible Toilets, Hearing loop installed
    </Text>
  </IconItem>
</IconList>
`;
