// Jest Snapshot v1, https://goo.gl/fbAQLP

exports[`renders correctly 1`] = `
<ImageBackground
  resizeMode="cover"
  source={
    Object {
      "uri": "https://image.jpg",
    }
  }
  style={
    Object {
      "flex": 1,
      "height": 180,
    }
  }
>
  <withOrientation
    style={
      Object {
        "padding": 22,
      }
    }
  >
    <StatusBar
      animated={true}
      barStyle="default"
      showHideTransition="fade"
    />
    <TouchableOpacity
      activeOpacity={0.2}
      onPress={[Function]}
    >
      <Text
        accessible={true}
        allowFontScaling={true}
        ellipsizeMode="tail"
      >
        Back
      </Text>
    </TouchableOpacity>
  </withOrientation>
</ImageBackground>
`;
