// Jest Snapshot v1, https://goo.gl/fbAQLP

exports[`renders correctly 1`] = `
<View
  accessibilityTraits={
    Array [
      "header",
    ]
  }
  style={
    Object {
      "backgroundColor": "#20215a",
    }
  }
>
  <withOrientation>
    <StatusBar
      animated={true}
      barStyle="light-content"
      showHideTransition="fade"
    />
    <Text
      accessible={true}
      allowFontScaling={true}
      ellipsizeMode="tail"
    >
      Lorem Ipsum
    </Text>
  </withOrientation>
</View>
`;
