// Jest Snapshot v1, https://goo.gl/fbAQLP

exports[`renders correctly 1`] = `
<ImageBackground
  resizeMode="cover"
  source={
    Object {
      "uri": "https://image.jpg",
    }
  }
  style={
    Object {
      "flex": 1,
      "height": 180,
    }
  }
>
  <withOrientation>
    <StatusBar
      animated={true}
      barStyle="default"
      showHideTransition="fade"
    />
    <Touchable
      accessibilityComponentType="button"
      accessibilityTraits={
        Array [
          "button",
        ]
      }
      delayPressIn={50}
      onPress={[Function]}
      style={
        Object {
          "padding": 8,
        }
      }
    >
      <Text
        accessible={true}
        allowFontScaling={true}
        ellipsizeMode="tail"
      >
        Back
      </Text>
    </Touchable>
  </withOrientation>
</ImageBackground>
`;
