// Jest Snapshot v1, https://goo.gl/fbAQLP

exports[`renders correctly 1`] = `
<View
  style={
    Object {
      "flex": 1,
      "flexDirection": "row",
    }
  }
>
  <View
    style={
      Object {
        "height": 20,
        "marginRight": 18,
        "width": 40,
      }
    }
  >
    <Text
      accessible={true}
      allowFontScaling={true}
      ellipsizeMode="tail"
    >
      Some icon
    </Text>
  </View>
  <View
    style={
      Object {
        "flex": 1,
      }
    }
  >
    <Text
      allowFontScaling={true}
      markdown={false}
      style={
        Array [
          Object {
            "color": "#2d2f7f",
          },
          Object {},
        ]
      }
      type="h4"
    >
      some thing
    </Text>
  </View>
</View>
`;
