// Jest Snapshot v1, https://goo.gl/fbAQLP

exports[`renders correctly 1`] = `
<Component
  style={
    Object {
      "flex": 1,
      "flexDirection": "row",
    }
  }
>
  <Component
    style={
      Object {
        "height": 32,
        "marginRight": 12,
        "width": 40,
      }
    }
  >
    <Text
      accessible={true}
      allowFontScaling={true}
      ellipsizeMode="tail"
    >
      Some icon
    </Text>
  </Component>
  <Component
    style={
      Object {
        "flex": 1,
        "paddingTop": 2,
      }
    }
  >
    <Text
      accessible={true}
      allowFontScaling={true}
      ellipsizeMode="tail"
      type="h4"
    >
      some thing
    </Text>
  </Component>
</Component>
`;
