// Jest Snapshot v1, https://goo.gl/fbAQLP

exports[`renders correctly 1`] = `
<Touchable
  accessibilityComponentType="button"
  accessibilityTraits={
    Array [
      "button",
    ]
  }
  delayPressIn={50}
  onPress={[Function]}
  style={
    Object {
      "minHeight": 26,
    }
  }
>
  <View
    style={
      Object {
        "alignSelf": "flex-start",
        "borderBottomColor": "#2cda9d",
        "borderBottomWidth": 1,
        "marginBottom": 2,
      }
    }
  >
    <Text
      color="lightNavyBlueColor"
      markdown={false}
      type="h4"
    >
      Some text
    </Text>
  </View>
</Touchable>
`;
