// Jest Snapshot v1, https://goo.gl/fbAQLP

exports[`renders correctly 1`] = `
<Component
  style={
    Object {
      "flex": 1,
    }
  }
>
  <StatusBar
    animated={true}
    backgroundColor="transparent"
    barStyle="light-content"
    showHideTransition="fade"
    translucent={true}
  />
  <NavigationContainer />
</Component>
`;
