// Jest Snapshot v1, https://goo.gl/fbAQLP

exports[`renders correctly 1`] = `
<FlatList
  data={
    Array [
      Object {
        "fields": Object {
          "name": Object {
            "en-GB": "some event",
          },
        },
        "sys": Object {
          "id": "1",
        },
      },
      Object {
        "fields": Object {
          "name": Object {
            "en-GB": "some other",
          },
        },
        "sys": Object {
          "id": "2",
        },
      },
    ]
  }
  disableVirtualization={false}
  horizontal={false}
  initialNumToRender={10}
  keyExtractor={[Function]}
  maxToRenderPerBatch={10}
  numColumns={1}
  onEndReachedThreshold={2}
  onRefresh={[Function]}
  refreshing={false}
  renderItem={[Function]}
  scrollEventThrottle={50}
  updateCellsBatchingPeriod={50}
  windowSize={21}
/>
`;
