// Jest Snapshot v1, https://goo.gl/fbAQLP

exports[`FilterModal renders correctly 1`] = `
<withOrientation
  forceInset={
    Object {
      "bottom": "always",
      "top": "never",
    }
  }
  style={
    Object {
      "backgroundColor": "#ffffff",
      "flex": 1,
    }
  }
>
  <Header
    onCancelPress={[Function]}
    onClearPress={[Function]}
    showClear={false}
  />
  <ShadowedScrollView
    shadowOpacity={0.4}
    style={
      Object {
        "backgroundColor": "#ffffff",
        "flex": 1,
      }
    }
  >
    <React.Fragment
      key="price"
    >
      <SectionHeader
        badgeValue={null}
        hasShadow={false}
        title="Price"
      />
      <ScreenSizeProvider />
    </React.Fragment>
  </ShadowedScrollView>
  <View
    style={
      Object {
        "backgroundColor": "#ffffff",
        "paddingVertical": 12,
      }
    }
  >
    <ContentPadding
      padding={Object {}}
      style={Object {}}
    >
      <Button
        disabled={false}
        onPress={[Function]}
      >
        Show 26 events
      </Button>
    </ContentPadding>
  </View>
</withOrientation>
`;
