// Jest Snapshot v1, https://goo.gl/fbAQLP

exports[`FilterModal renders correctly 1`] = `
<withOrientation
  forceInset={
    Object {
      "bottom": "always",
    }
  }
  style={
    Object {
      "backgroundColor": "#ffffff",
      "flex": 1,
    }
  }
>
  <ScrollView
    style={
      Object {
        "backgroundColor": "#ffffff",
        "flex": 1,
      }
    }
  >
    <React.Fragment
      key="price"
    >
      <SectionHeader
        hasShadow={false}
        title="Price"
      />
      <ContentPadding
        style={Object {}}
      >
        <CheckBox
          checked={false}
          key="free"
          label="Show only free events"
          onChange={[Function]}
          style={Object {}}
        />
      </ContentPadding>
    </React.Fragment>
  </ScrollView>
  <View
    style={
      Object {
        "backgroundColor": "#ffffff",
        "borderWidth": 0,
        "elevation": 3,
        "height": 60,
        "marginTop": 6,
        "paddingVertical": 8,
        "shadowColor": "rgba(0, 0, 0, 0.14)",
        "shadowOffset": Object {
          "height": -10,
          "width": 0,
        },
        "shadowOpacity": 0.6,
        "shadowRadius": 5,
      }
    }
  >
    <ContentPadding
      style={Object {}}
    >
      <Button
        onPress={[Function]}
        text="Show 26 events"
        type="primary"
        url=""
      />
    </ContentPadding>
  </View>
</withOrientation>
`;
